// Jest Snapshot v1, https://goo.gl/fbAQLP

exports[`levels renderer renders all levels 1`] = `
<g
  class="levels"
>
  <g
    class="level"
  >
    <line
      class="level-line"
      x1="0"
      x2="8.660254037844387"
      y1="-10"
      y2="4.999999999999998"
    />
    <line
      class="level-line"
      x1="8.660254037844387"
      x2="-8.660254037844386"
      y1="4.999999999999998"
      y2="5.000000000000004"
    />
    <line
      class="level-line"
      x1="-8.660254037844386"
      x2="-2.4492935982947065e-15"
      y1="5.000000000000004"
      y2="-10"
    />
  </g>
  <g
    class="level"
  >
    <line
      class="level-line"
      x1="0"
      x2="34.64101615137755"
      y1="-40"
      y2="19.999999999999993"
    />
    <line
      class="level-line"
      x1="34.64101615137755"
      x2="-34.64101615137754"
      y1="19.999999999999993"
      y2="20.000000000000018"
    />
    <line
      class="level-line"
      x1="-34.64101615137754"
      x2="-9.797174393178826e-15"
      y1="20.000000000000018"
      y2="-40"
    />
  </g>
  <g
    class="level"
  >
    <line
      class="level-line"
      x1="0"
      x2="60.62177826491071"
      y1="-70"
      y2="34.999999999999986"
    />
    <line
      class="level-line"
      x1="60.62177826491071"
      x2="-60.621778264910695"
      y1="34.999999999999986"
      y2="35.00000000000003"
    />
    <line
      class="level-line"
      x1="-60.621778264910695"
      x2="-1.7145055188062946e-14"
      y1="35.00000000000003"
      y2="-70"
    />
  </g>
  <g
    class="level"
  >
    <line
      class="level-line"
      x1="0"
      x2="86.60254037844388"
      y1="-100"
      y2="49.99999999999998"
    />
    <line
      class="level-line"
      x1="86.60254037844388"
      x2="-86.60254037844385"
      y1="49.99999999999998"
      y2="50.00000000000004"
    />
    <line
      class="level-line"
      x1="-86.60254037844385"
      x2="-2.4492935982947064e-14"
      y1="50.00000000000004"
      y2="-100"
    />
  </g>
</g>
`;
